GOPATH="/Users/sokks/go/src/github.com/sokks/ddsp" go test frontend/frontend -count=1 -v
=== RUN   TestPutDel
=== RUN   TestPutDel/nodes=0
=== RUN   TestPutDel/nodes=1
=== RUN   TestPutDel/nodes=2
=== RUN   TestPutDel/nodes=3
--- PASS: TestPutDel (0.00s)
    --- PASS: TestPutDel/nodes=0 (0.00s)
    --- PASS: TestPutDel/nodes=1 (0.00s)
    --- PASS: TestPutDel/nodes=2 (0.00s)
    --- PASS: TestPutDel/nodes=3 (0.00s)
=== RUN   TestPutDel_nodesFindError
--- PASS: TestPutDel_nodesFindError (0.00s)
=== RUN   TestPutDel_Redundancy
=== RUN   TestPutDel_Redundancy/nodes=2,err=Quorum_not_reached
=== RUN   TestPutDel_Redundancy/nodes=2,err=Quorum_not_reached#01
=== RUN   TestPutDel_Redundancy/nodes=3,err=dummy_error
=== RUN   TestPutDel_Redundancy/nodes=3,err=Quorum_not_reached
--- PASS: TestPutDel_Redundancy (0.00s)
    --- PASS: TestPutDel_Redundancy/nodes=2,err=Quorum_not_reached (0.00s)
    --- PASS: TestPutDel_Redundancy/nodes=2,err=Quorum_not_reached#01 (0.00s)
    --- PASS: TestPutDel_Redundancy/nodes=3,err=dummy_error (0.00s)
    --- PASS: TestPutDel_Redundancy/nodes=3,err=Quorum_not_reached (0.00s)
=== RUN   TestPutDel_Timing
--- PASS: TestPutDel_Timing (1.51s)
=== RUN   TestGet
=== RUN   TestGet/success
=== RUN   TestGet/one_error_first
=== RUN   TestGet/one_error_mid
=== RUN   TestGet/one_error_last
=== RUN   TestGet/two_errors
=== RUN   TestGet/one_different
=== RUN   TestGet/all_different_data
=== RUN   TestGet/all_different_errors
--- PASS: TestGet (0.00s)
    --- PASS: TestGet/success (0.00s)
    --- PASS: TestGet/one_error_first (0.00s)
    --- PASS: TestGet/one_error_mid (0.00s)
    --- PASS: TestGet/one_error_last (0.00s)
    --- PASS: TestGet/two_errors (0.00s)
    --- PASS: TestGet/one_different (0.00s)
    --- PASS: TestGet/all_different_data (0.00s)
    --- PASS: TestGet/all_different_errors (0.00s)
=== RUN   TestGet_InitOnce
--- PASS: TestGet_InitOnce (0.06s)
=== RUN   TestGet_Timing
--- PASS: TestGet_Timing (0.50s)
=== RUN   TestParallelOps
--- PASS: TestParallelOps (3.00s)
PASS
ok  	frontend/frontend	5.105s
GOPATH="/Users/sokks/go/src/github.com/sokks/ddsp" go test frontend/frontend -count=1 -race -v
=== RUN   TestPutDel
=== RUN   TestPutDel/nodes=0
=== RUN   TestPutDel/nodes=1
=== RUN   TestPutDel/nodes=2
=== RUN   TestPutDel/nodes=3
--- PASS: TestPutDel (0.00s)
    --- PASS: TestPutDel/nodes=0 (0.00s)
    --- PASS: TestPutDel/nodes=1 (0.00s)
    --- PASS: TestPutDel/nodes=2 (0.00s)
    --- PASS: TestPutDel/nodes=3 (0.00s)
=== RUN   TestPutDel_nodesFindError
--- PASS: TestPutDel_nodesFindError (0.00s)
=== RUN   TestPutDel_Redundancy
=== RUN   TestPutDel_Redundancy/nodes=2,err=Quorum_not_reached
=== RUN   TestPutDel_Redundancy/nodes=2,err=Quorum_not_reached#01
=== RUN   TestPutDel_Redundancy/nodes=3,err=dummy_error
=== RUN   TestPutDel_Redundancy/nodes=3,err=Quorum_not_reached
--- PASS: TestPutDel_Redundancy (0.01s)
    --- PASS: TestPutDel_Redundancy/nodes=2,err=Quorum_not_reached (0.00s)
    --- PASS: TestPutDel_Redundancy/nodes=2,err=Quorum_not_reached#01 (0.00s)
    --- PASS: TestPutDel_Redundancy/nodes=3,err=dummy_error (0.00s)
    --- PASS: TestPutDel_Redundancy/nodes=3,err=Quorum_not_reached (0.00s)
=== RUN   TestPutDel_Timing
--- PASS: TestPutDel_Timing (1.51s)
=== RUN   TestGet
=== RUN   TestGet/success
=== RUN   TestGet/one_error_first
=== RUN   TestGet/one_error_mid
=== RUN   TestGet/one_error_last
=== RUN   TestGet/two_errors
=== RUN   TestGet/one_different
=== RUN   TestGet/all_different_data
=== RUN   TestGet/all_different_errors
--- PASS: TestGet (0.01s)
    --- PASS: TestGet/success (0.00s)
    --- PASS: TestGet/one_error_first (0.00s)
    --- PASS: TestGet/one_error_mid (0.00s)
    --- PASS: TestGet/one_error_last (0.00s)
    --- PASS: TestGet/two_errors (0.00s)
    --- PASS: TestGet/one_different (0.00s)
    --- PASS: TestGet/all_different_data (0.00s)
    --- PASS: TestGet/all_different_errors (0.00s)
=== RUN   TestGet_InitOnce
--- PASS: TestGet_InitOnce (0.06s)
=== RUN   TestGet_Timing
--- PASS: TestGet_Timing (0.50s)
=== RUN   TestParallelOps
FAIL	frontend/frontend	4.536s
